/t3home/zoghafoo/WMassNanoProduction
Plotting...
Number of threads: 32 

{'charge': 1,
 'maxevents': None,
 'mode': 'quantile',
 'no_plot': False,
 'nthreads': 32,
 'output_suffix': '',
 'pt_cuts': [1, 4, 10, 20],
 'quantile_bins': [0.0,
                   0.02,
                   0.04,
                   0.06,
                   0.08,
                   0.1,
                   0.12,
                   0.14,
                   0.16,
                   0.18,
                   0.2,
                   0.25,
                   0.3,
                   0.35,
                   0.4,
                   0.45,
                   0.5,
                   0.6,
                   0.7,
                   0.8,
                   0.9,
                   1.0],
 'quantile_reference': 'both',
 'save_event_counts': False,
 'slurm': True,
 'vars': dict_keys(['PFCands_pt', 'PFCands_eta', 'PFCands_phi', 'PFCands_pvAssocQuality', 'nPFCands', 'PFCands_Ht', 'PFCands_Pt2sum', 'PFCands_Psum', 'PFCands_P2sum', 'PFCands_InvariantMass']),
 'zoomxmax': 140}
------------------------
Reading total events and PF candidates from text files...

       Event Type  Data_SingleMuon  Data_MinBias         MC_DY   MC_MinBias
0    Total Events        317494717      69205921      96424820    499907600
1  Total PF Cands     481589284679   80429995602  134047192083  52973764700

Total events and PF candidates summary written to '/scratch/zoghafoo/TotalEvents_RunII2016FGH.txt'!

------------------------
------------------------

Calculating selected events and PF candidates from NanoAODs...

          Event Type  Data_SingleMuon  Data_MinBias       MC_DY  MC_MinBias
0    Selected Events         10142965      57671894    29672721   414040967
1  Selected PF Cands        361604529    1004173250  1131468878  7118133993

Selected events and PF candidates summary written to '/scratch/zoghafoo/SelectedEvents_RunII2016FGH.txt'!

------------------------
Quantile numeric ranges for nPFCands:
  [0.000, 0.020] -> 62.3708 - 160 (CDF 0.980-1.000)
  [0.020, 0.040] -> 52.8736 - 62.3708 (CDF 0.960-0.980)
  [0.040, 0.060] -> 47.7948 - 52.8736 (CDF 0.940-0.960)
  [0.060, 0.080] -> 42.8467 - 47.7948 (CDF 0.920-0.940)
  [0.080, 0.100] -> 40.1055 - 42.8467 (CDF 0.900-0.920)
  [0.100, 0.120] -> 37.3643 - 40.1055 (CDF 0.880-0.900)
  [0.120, 0.140] -> 34.6232 - 37.3643 (CDF 0.860-0.880)
  [0.140, 0.160] -> 32.6599 - 34.6232 (CDF 0.840-0.860)
  [0.160, 0.180] -> 30.9256 - 32.6599 (CDF 0.820-0.840)
  [0.180, 0.200] -> 29.1913 - 30.9256 (CDF 0.800-0.820)
  [0.200, 0.250] -> 25.5507 - 29.1913 (CDF 0.750-0.800)
  [0.250, 0.300] -> 22.6204 - 25.5507 (CDF 0.700-0.750)
  [0.300, 0.350] -> 19.7803 - 22.6204 (CDF 0.650-0.700)
  [0.350, 0.400] -> 17.7026 - 19.7803 (CDF 0.600-0.650)
  [0.400, 0.450] -> 15.625 - 17.7026 (CDF 0.550-0.600)
  [0.450, 0.500] -> 13.9164 - 15.625 (CDF 0.500-0.550)
  [0.500, 0.600] -> 10.86 - 13.9164 (CDF 0.400-0.500)
  [0.600, 0.700] -> 8.49228 - 10.86 (CDF 0.300-0.400)
  [0.700, 0.800] -> 6.5315 - 8.49228 (CDF 0.200-0.300)
  [0.800, 0.900] -> 4.70368 - 6.5315 (CDF 0.100-0.200)
  [0.900, 1.000] -> 3 - 4.70368 (CDF 0.000-0.100)
Quantile numeric ranges for PFCands_Ht:
  [0.000, 0.020] -> 59.8617 - 370 (CDF 0.980-1.000)
  [0.020, 0.040] -> 48.2203 - 59.8617 (CDF 0.960-0.980)
  [0.040, 0.060] -> 43.841 - 48.2203 (CDF 0.940-0.960)
  [0.060, 0.080] -> 39.4618 - 43.841 (CDF 0.920-0.940)
  [0.080, 0.100] -> 35.0825 - 39.4618 (CDF 0.900-0.920)
  [0.100, 0.120] -> 30.7032 - 35.0825 (CDF 0.880-0.900)
  [0.120, 0.140] -> 28.5225 - 30.7032 (CDF 0.860-0.880)
  [0.140, 0.160] -> 26.7623 - 28.5225 (CDF 0.840-0.860)
  [0.160, 0.180] -> 25.0021 - 26.7623 (CDF 0.820-0.840)
  [0.180, 0.200] -> 23.242 - 25.0021 (CDF 0.800-0.820)
  [0.200, 0.250] -> 19.2851 - 23.242 (CDF 0.750-0.800)
  [0.250, 0.300] -> 16.5697 - 19.2851 (CDF 0.700-0.750)
  [0.300, 0.350] -> 14.2139 - 16.5697 (CDF 0.650-0.700)
  [0.350, 0.400] -> 12.351 - 14.2139 (CDF 0.600-0.650)
  [0.400, 0.450] -> 10.488 - 12.351 (CDF 0.550-0.600)
  [0.450, 0.500] -> 9.1592 - 10.488 (CDF 0.500-0.550)
  [0.500, 0.600] -> 6.88076 - 9.1592 (CDF 0.400-0.500)
  [0.600, 0.700] -> 4.7251 - 6.88076 (CDF 0.300-0.400)
  [0.700, 0.800] -> 3.15006 - 4.7251 (CDF 0.200-0.300)
  [0.800, 0.900] -> 1.57503 - 3.15006 (CDF 0.100-0.200)
  [0.900, 1.000] -> 0 - 1.57503 (CDF 0.000-0.100)
Quantile numeric ranges for PFCands_Pt2sum:
  [0.000, 0.020] -> 97.5614 - 400 (CDF 0.980-1.000)
  [0.020, 0.040] -> 73.0792 - 97.5614 (CDF 0.960-0.980)
  [0.040, 0.060] -> 61.9424 - 73.0792 (CDF 0.940-0.960)
  [0.060, 0.080] -> 52.4371 - 61.9424 (CDF 0.920-0.940)
  [0.080, 0.100] -> 46.0893 - 52.4371 (CDF 0.900-0.920)
  [0.100, 0.120] -> 40.8302 - 46.0893 (CDF 0.880-0.900)
  [0.120, 0.140] -> 37.1584 - 40.8302 (CDF 0.860-0.880)
  [0.140, 0.160] -> 33.7842 - 37.1584 (CDF 0.840-0.860)
  [0.160, 0.180] -> 30.41 - 33.7842 (CDF 0.820-0.840)
  [0.180, 0.200] -> 28.1927 - 30.41 (CDF 0.800-0.820)
  [0.200, 0.250] -> 23.0495 - 28.1927 (CDF 0.750-0.800)
  [0.250, 0.300] -> 18.8738 - 23.0495 (CDF 0.700-0.750)
  [0.300, 0.350] -> 16.1072 - 18.8738 (CDF 0.650-0.700)
  [0.350, 0.400] -> 13.3407 - 16.1072 (CDF 0.600-0.650)
  [0.400, 0.450] -> 10.5742 - 13.3407 (CDF 0.550-0.600)
  [0.450, 0.500] -> 9.26573 - 10.5742 (CDF 0.500-0.550)
  [0.500, 0.600] -> 7.41258 - 9.26573 (CDF 0.400-0.500)
  [0.600, 0.700] -> 5.55944 - 7.41258 (CDF 0.300-0.400)
  [0.700, 0.800] -> 3.70629 - 5.55944 (CDF 0.200-0.300)
  [0.800, 0.900] -> 1.85315 - 3.70629 (CDF 0.100-0.200)
  [0.900, 1.000] -> 0 - 1.85315 (CDF 0.000-0.100)
Quantile numeric ranges for PFCands_Psum:
  [0.000, 0.020] -> 131.496 - 400 (CDF 0.980-1.000)
  [0.020, 0.040] -> 101.025 - 131.496 (CDF 0.960-0.980)
  [0.040, 0.060] -> 90.9953 - 101.025 (CDF 0.940-0.960)
  [0.060, 0.080] -> 81.6772 - 90.9953 (CDF 0.920-0.940)
  [0.080, 0.100] -> 72.3591 - 81.6772 (CDF 0.900-0.920)
  [0.100, 0.120] -> 66.0703 - 72.3591 (CDF 0.880-0.900)
  [0.120, 0.140] -> 60.8084 - 66.0703 (CDF 0.860-0.880)
  [0.140, 0.160] -> 56.6957 - 60.8084 (CDF 0.840-0.860)
  [0.160, 0.180] -> 52.7916 - 56.6957 (CDF 0.820-0.840)
  [0.180, 0.200] -> 49.1791 - 52.7916 (CDF 0.800-0.820)
  [0.200, 0.250] -> 41.977 - 49.1791 (CDF 0.750-0.800)
  [0.250, 0.300] -> 36.2169 - 41.977 (CDF 0.700-0.750)
  [0.300, 0.350] -> 31.0024 - 36.2169 (CDF 0.650-0.700)
  [0.350, 0.400] -> 27.0818 - 31.0024 (CDF 0.600-0.650)
  [0.400, 0.450] -> 23.4692 - 27.0818 (CDF 0.550-0.600)
  [0.450, 0.500] -> 19.9099 - 23.4692 (CDF 0.500-0.550)
  [0.500, 0.600] -> 15.3707 - 19.9099 (CDF 0.400-0.500)
  [0.600, 0.700] -> 10.8316 - 15.3707 (CDF 0.300-0.400)
  [0.700, 0.800] -> 7.10028 - 10.8316 (CDF 0.200-0.300)
  [0.800, 0.900] -> 3.55014 - 7.10028 (CDF 0.100-0.200)
  [0.900, 1.000] -> 0 - 3.55014 (CDF 0.000-0.100)
Quantile numeric ranges for PFCands_P2sum:
  [0.000, 0.020] -> 595.395 - 4000 (CDF 0.980-1.000)
  [0.020, 0.040] -> 448.279 - 595.395 (CDF 0.960-0.980)
  [0.040, 0.060] -> 369.22 - 448.279 (CDF 0.940-0.960)
  [0.060, 0.080] -> 312.598 - 369.22 (CDF 0.920-0.940)
  [0.080, 0.100] -> 273.257 - 312.598 (CDF 0.900-0.920)
  [0.100, 0.120] -> 242.316 - 273.257 (CDF 0.880-0.900)
  [0.120, 0.140] -> 218.586 - 242.316 (CDF 0.860-0.880)
  [0.140, 0.160] -> 196.084 - 218.586 (CDF 0.840-0.860)
  [0.160, 0.180] -> 178.325 - 196.084 (CDF 0.820-0.840)
  [0.180, 0.200] -> 163.063 - 178.325 (CDF 0.800-0.820)
  [0.200, 0.250] -> 132.275 - 163.063 (CDF 0.750-0.800)
  [0.250, 0.300] -> 108.517 - 132.275 (CDF 0.700-0.750)
  [0.300, 0.350] -> 89.6832 - 108.517 (CDF 0.650-0.700)
  [0.350, 0.400] -> 74.2969 - 89.6832 (CDF 0.600-0.650)
  [0.400, 0.450] -> 61.1453 - 74.2969 (CDF 0.550-0.600)
  [0.450, 0.500] -> 51.2687 - 61.1453 (CDF 0.500-0.550)
  [0.500, 0.600] -> 34.8573 - 51.2687 (CDF 0.400-0.500)
  [0.600, 0.700] -> 22.3415 - 34.8573 (CDF 0.300-0.400)
  [0.700, 0.800] -> 14.2201 - 22.3415 (CDF 0.200-0.300)
  [0.800, 0.900] -> 7.11006 - 14.2201 (CDF 0.100-0.200)
  [0.900, 1.000] -> 0 - 7.11006 (CDF 0.000-0.100)
Quantile numeric ranges for PFCands_InvariantMass:
  [0.000, 0.020] -> 119.173 - 400 (CDF 0.980-1.000)
  [0.020, 0.040] -> 103.548 - 119.173 (CDF 0.960-0.980)
  [0.040, 0.060] -> 87.9224 - 103.548 (CDF 0.940-0.960)
  [0.060, 0.080] -> 76.8064 - 87.9224 (CDF 0.920-0.940)
  [0.080, 0.100] -> 70.3282 - 76.8064 (CDF 0.900-0.920)
  [0.100, 0.120] -> 63.85 - 70.3282 (CDF 0.880-0.900)
  [0.120, 0.140] -> 58.4443 - 63.85 (CDF 0.860-0.880)
  [0.140, 0.160] -> 54.6098 - 58.4443 (CDF 0.840-0.860)
  [0.160, 0.180] -> 50.7752 - 54.6098 (CDF 0.820-0.840)
  [0.180, 0.200] -> 46.9407 - 50.7752 (CDF 0.800-0.820)
  [0.200, 0.250] -> 39.7972 - 46.9407 (CDF 0.750-0.800)
  [0.250, 0.300] -> 33.7725 - 39.7972 (CDF 0.700-0.750)
  [0.300, 0.350] -> 29.1337 - 33.7725 (CDF 0.650-0.700)
  [0.350, 0.400] -> 24.6202 - 29.1337 (CDF 0.600-0.650)
  [0.400, 0.450] -> 21.1319 - 24.6202 (CDF 0.550-0.600)
  [0.450, 0.500] -> 18.1239 - 21.1319 (CDF 0.500-0.550)
  [0.500, 0.600] -> 13.1418 - 18.1239 (CDF 0.400-0.500)
  [0.600, 0.700] -> 9.1729 - 13.1418 (CDF 0.300-0.400)
  [0.700, 0.800] -> 5.99385 - 9.1729 (CDF 0.200-0.300)
  [0.800, 0.900] -> 3.15346 - 5.99385 (CDF 0.100-0.200)
  [0.900, 1.000] -> 0 - 3.15346 (CDF 0.000-0.100)
Saving the plots in /t3home/zoghafoo/WMassNanoProduction
Analyze scratch:
/scratch/zoghafoo
SelectedEvents_RunII2016FGH.txt
tmp
TotalEvents_RunII2016FGH.txt
Job finished in 00:02:11 (hh:mm:ss)
